<?xml version="1.0"?>
<link_info>
   <banner>MSP430 Linker PC v4.3.3</banner>
   <copyright>Copyright (c) 2003-2014 Texas Instruments Incorporated</copyright>
   <link_time>0x546ee8fb</link_time>
   <link_errors>0x0</link_errors>
   <output_file>Virtual-Wire.out</output_file>
   <entry_point>
      <name>_c_int00</name>
      <address>0x85ca</address>
   </entry_point>
   <input_file_list>
      <input_file id="fl-2">
         <path>.\</path>
         <kind>object</kind>
         <file>VirtualWire.obj</file>
         <name>VirtualWire.obj</name>
      </input_file>
      <input_file id="fl-3">
         <path>.\</path>
         <kind>object</kind>
         <file>main.obj</file>
         <name>main.obj</name>
      </input_file>
      <input_file id="fl-32">
         <path>C:\ti\ccsv6\tools\compiler\msp430_4.3.3\lib\</path>
         <kind>archive</kind>
         <file>rts430x_lc_sd_eabi.lib</file>
         <name>boot.obj</name>
      </input_file>
      <input_file id="fl-33">
         <path>C:\ti\ccsv6\tools\compiler\msp430_4.3.3\lib\</path>
         <kind>archive</kind>
         <file>rts430x_lc_sd_eabi.lib</file>
         <name>copy_decompress_none.obj</name>
      </input_file>
      <input_file id="fl-34">
         <path>C:\ti\ccsv6\tools\compiler\msp430_4.3.3\lib\</path>
         <kind>archive</kind>
         <file>rts430x_lc_sd_eabi.lib</file>
         <name>copy_decompress_rle.obj</name>
      </input_file>
      <input_file id="fl-35">
         <path>C:\ti\ccsv6\tools\compiler\msp430_4.3.3\lib\</path>
         <kind>archive</kind>
         <file>rts430x_lc_sd_eabi.lib</file>
         <name>copy_zero_init.obj</name>
      </input_file>
      <input_file id="fl-36">
         <path>C:\ti\ccsv6\tools\compiler\msp430_4.3.3\lib\</path>
         <kind>archive</kind>
         <file>rts430x_lc_sd_eabi.lib</file>
         <name>cpy_util.obj</name>
      </input_file>
      <input_file id="fl-37">
         <path>C:\ti\ccsv6\tools\compiler\msp430_4.3.3\lib\</path>
         <kind>archive</kind>
         <file>rts430x_lc_sd_eabi.lib</file>
         <name>div32u.obj</name>
      </input_file>
      <input_file id="fl-38">
         <path>C:\ti\ccsv6\tools\compiler\msp430_4.3.3\lib\</path>
         <kind>archive</kind>
         <file>rts430x_lc_sd_eabi.lib</file>
         <name>exit.obj</name>
      </input_file>
      <input_file id="fl-39">
         <path>C:\ti\ccsv6\tools\compiler\msp430_4.3.3\lib\</path>
         <kind>archive</kind>
         <file>rts430x_lc_sd_eabi.lib</file>
         <name>int41.obj</name>
      </input_file>
      <input_file id="fl-3a">
         <path>C:\ti\ccsv6\tools\compiler\msp430_4.3.3\lib\</path>
         <kind>archive</kind>
         <file>rts430x_lc_sd_eabi.lib</file>
         <name>int42.obj</name>
      </input_file>
      <input_file id="fl-3b">
         <path>C:\ti\ccsv6\tools\compiler\msp430_4.3.3\lib\</path>
         <kind>archive</kind>
         <file>rts430x_lc_sd_eabi.lib</file>
         <name>int43.obj</name>
      </input_file>
      <input_file id="fl-3c">
         <path>C:\ti\ccsv6\tools\compiler\msp430_4.3.3\lib\</path>
         <kind>archive</kind>
         <file>rts430x_lc_sd_eabi.lib</file>
         <name>int44.obj</name>
      </input_file>
      <input_file id="fl-3d">
         <path>C:\ti\ccsv6\tools\compiler\msp430_4.3.3\lib\</path>
         <kind>archive</kind>
         <file>rts430x_lc_sd_eabi.lib</file>
         <name>int45.obj</name>
      </input_file>
      <input_file id="fl-3e">
         <path>C:\ti\ccsv6\tools\compiler\msp430_4.3.3\lib\</path>
         <kind>archive</kind>
         <file>rts430x_lc_sd_eabi.lib</file>
         <name>int46.obj</name>
      </input_file>
      <input_file id="fl-3f">
         <path>C:\ti\ccsv6\tools\compiler\msp430_4.3.3\lib\</path>
         <kind>archive</kind>
         <file>rts430x_lc_sd_eabi.lib</file>
         <name>int47.obj</name>
      </input_file>
      <input_file id="fl-40">
         <path>C:\ti\ccsv6\tools\compiler\msp430_4.3.3\lib\</path>
         <kind>archive</kind>
         <file>rts430x_lc_sd_eabi.lib</file>
         <name>int48.obj</name>
      </input_file>
      <input_file id="fl-41">
         <path>C:\ti\ccsv6\tools\compiler\msp430_4.3.3\lib\</path>
         <kind>archive</kind>
         <file>rts430x_lc_sd_eabi.lib</file>
         <name>int49.obj</name>
      </input_file>
      <input_file id="fl-42">
         <path>C:\ti\ccsv6\tools\compiler\msp430_4.3.3\lib\</path>
         <kind>archive</kind>
         <file>rts430x_lc_sd_eabi.lib</file>
         <name>int50.obj</name>
      </input_file>
      <input_file id="fl-43">
         <path>C:\ti\ccsv6\tools\compiler\msp430_4.3.3\lib\</path>
         <kind>archive</kind>
         <file>rts430x_lc_sd_eabi.lib</file>
         <name>int51.obj</name>
      </input_file>
      <input_file id="fl-44">
         <path>C:\ti\ccsv6\tools\compiler\msp430_4.3.3\lib\</path>
         <kind>archive</kind>
         <file>rts430x_lc_sd_eabi.lib</file>
         <name>int52.obj</name>
      </input_file>
      <input_file id="fl-45">
         <path>C:\ti\ccsv6\tools\compiler\msp430_4.3.3\lib\</path>
         <kind>archive</kind>
         <file>rts430x_lc_sd_eabi.lib</file>
         <name>int54.obj</name>
      </input_file>
      <input_file id="fl-46">
         <path>C:\ti\ccsv6\tools\compiler\msp430_4.3.3\lib\</path>
         <kind>archive</kind>
         <file>rts430x_lc_sd_eabi.lib</file>
         <name>int55.obj</name>
      </input_file>
      <input_file id="fl-47">
         <path>C:\ti\ccsv6\tools\compiler\msp430_4.3.3\lib\</path>
         <kind>archive</kind>
         <file>rts430x_lc_sd_eabi.lib</file>
         <name>int56.obj</name>
      </input_file>
      <input_file id="fl-48">
         <path>C:\ti\ccsv6\tools\compiler\msp430_4.3.3\lib\</path>
         <kind>archive</kind>
         <file>rts430x_lc_sd_eabi.lib</file>
         <name>int57.obj</name>
      </input_file>
      <input_file id="fl-49">
         <path>C:\ti\ccsv6\tools\compiler\msp430_4.3.3\lib\</path>
         <kind>archive</kind>
         <file>rts430x_lc_sd_eabi.lib</file>
         <name>int58.obj</name>
      </input_file>
      <input_file id="fl-4a">
         <path>C:\ti\ccsv6\tools\compiler\msp430_4.3.3\lib\</path>
         <kind>archive</kind>
         <file>rts430x_lc_sd_eabi.lib</file>
         <name>int59.obj</name>
      </input_file>
      <input_file id="fl-4b">
         <path>C:\ti\ccsv6\tools\compiler\msp430_4.3.3\lib\</path>
         <kind>archive</kind>
         <file>rts430x_lc_sd_eabi.lib</file>
         <name>int60.obj</name>
      </input_file>
      <input_file id="fl-4c">
         <path>C:\ti\ccsv6\tools\compiler\msp430_4.3.3\lib\</path>
         <kind>archive</kind>
         <file>rts430x_lc_sd_eabi.lib</file>
         <name>int61.obj</name>
      </input_file>
      <input_file id="fl-4d">
         <path>C:\ti\ccsv6\tools\compiler\msp430_4.3.3\lib\</path>
         <kind>archive</kind>
         <file>rts430x_lc_sd_eabi.lib</file>
         <name>int62.obj</name>
      </input_file>
      <input_file id="fl-4e">
         <path>C:\ti\ccsv6\tools\compiler\msp430_4.3.3\lib\</path>
         <kind>archive</kind>
         <file>rts430x_lc_sd_eabi.lib</file>
         <name>isr_trap.obj</name>
      </input_file>
      <input_file id="fl-4f">
         <path>C:\ti\ccsv6\tools\compiler\msp430_4.3.3\lib\</path>
         <kind>archive</kind>
         <file>rts430x_lc_sd_eabi.lib</file>
         <name>lsr16.obj</name>
      </input_file>
      <input_file id="fl-50">
         <path>C:\ti\ccsv6\tools\compiler\msp430_4.3.3\lib\</path>
         <kind>archive</kind>
         <file>rts430x_lc_sd_eabi.lib</file>
         <name>memcpy.obj</name>
      </input_file>
      <input_file id="fl-51">
         <path>C:\ti\ccsv6\tools\compiler\msp430_4.3.3\lib\</path>
         <kind>archive</kind>
         <file>rts430x_lc_sd_eabi.lib</file>
         <name>mpu_init.obj</name>
      </input_file>
      <input_file id="fl-52">
         <path>C:\ti\ccsv6\tools\compiler\msp430_4.3.3\lib\</path>
         <kind>archive</kind>
         <file>rts430x_lc_sd_eabi.lib</file>
         <name>pre_init.obj</name>
      </input_file>
      <input_file id="fl-53">
         <path>C:\ti\ccsv6\tools\compiler\msp430_4.3.3\lib\</path>
         <kind>archive</kind>
         <file>rts430x_lc_sd_eabi.lib</file>
         <name>_lock.obj</name>
      </input_file>
      <input_file id="fl-54">
         <path>C:\ti\ccsv6\tools\compiler\msp430_4.3.3\lib\</path>
         <kind>archive</kind>
         <file>rts430x_lc_sd_eabi.lib</file>
         <name>args_main.obj</name>
      </input_file>
      <input_file id="fl-55">
         <path>C:\ti\ccsv6\tools\compiler\msp430_4.3.3\lib\</path>
         <kind>archive</kind>
         <file>rts430x_lc_sd_eabi.lib</file>
         <name>autoinit.obj</name>
      </input_file>
   </input_file_list>
   <object_component_list>
      <object_component id="oc-96">
         <name>.stack</name>
         <uninitialized>true</uninitialized>
         <run_address>0x3360</run_address>
         <size>0x2</size>
         <input_file_ref idref="fl-32"/>
      </object_component>
      <object_component id="oc-1e2">
         <name>.stack</name>
         <uninitialized>true</uninitialized>
         <run_address>0x3360</run_address>
         <size>0x0</size>
      </object_component>
      <object_component id="oc-144">
         <name>.text:vw_pll</name>
         <load_address>0x8000</load_address>
         <run_address>0x8000</run_address>
         <size>0xf8</size>
         <input_file_ref idref="fl-2"/>
      </object_component>
      <object_component id="oc-d1">
         <name>.text:__TI_decompress_rle_core</name>
         <load_address>0x80f8</load_address>
         <run_address>0x80f8</run_address>
         <size>0xd8</size>
         <input_file_ref idref="fl-34"/>
      </object_component>
      <object_component id="oc-103">
         <name>.text:vw_Int_Handler</name>
         <load_address>0x81d0</load_address>
         <run_address>0x81d0</run_address>
         <size>0xa2</size>
         <input_file_ref idref="fl-2"/>
      </object_component>
      <object_component id="oc-ab">
         <name>.text:main</name>
         <load_address>0x8272</load_address>
         <run_address>0x8272</run_address>
         <size>0xa0</size>
         <input_file_ref idref="fl-3"/>
      </object_component>
      <object_component id="oc-a5">
         <name>.text:_auto_init_hold_wdt</name>
         <load_address>0x8312</load_address>
         <run_address>0x8312</run_address>
         <size>0x84</size>
         <input_file_ref idref="fl-55"/>
      </object_component>
      <object_component id="oc-119">
         <name>.text</name>
         <load_address>0x8396</load_address>
         <run_address>0x8396</run_address>
         <size>0x58</size>
         <input_file_ref idref="fl-37"/>
      </object_component>
      <object_component id="oc-e9">
         <name>.text:vw_setup</name>
         <load_address>0x83ee</load_address>
         <run_address>0x83ee</run_address>
         <size>0x52</size>
         <input_file_ref idref="fl-2"/>
      </object_component>
      <object_component id="oc-f5">
         <name>.text:vw_get_message</name>
         <load_address>0x8440</load_address>
         <run_address>0x8440</run_address>
         <size>0x46</size>
         <input_file_ref idref="fl-2"/>
      </object_component>
      <object_component id="oc-be">
         <name>.text:__memcpy_far</name>
         <load_address>0x8486</load_address>
         <run_address>0x8486</run_address>
         <size>0x40</size>
         <input_file_ref idref="fl-36"/>
      </object_component>
      <object_component id="oc-8a">
         <name>.text:decompress:ZI:__TI_zero_init</name>
         <load_address>0x84c6</load_address>
         <run_address>0x84c6</run_address>
         <size>0x3e</size>
         <input_file_ref idref="fl-35"/>
      </object_component>
      <object_component id="oc-84">
         <name>.text:decompress:none:__TI_decompress_none</name>
         <load_address>0x8504</load_address>
         <run_address>0x8504</run_address>
         <size>0x3c</size>
         <input_file_ref idref="fl-33"/>
      </object_component>
      <object_component id="oc-13e">
         <name>.text:vw_tx_stop</name>
         <load_address>0x8540</load_address>
         <run_address>0x8540</run_address>
         <size>0x28</size>
         <input_file_ref idref="fl-2"/>
      </object_component>
      <object_component id="oc-15c">
         <name>.text:_crc_ccitt_update</name>
         <load_address>0x8568</load_address>
         <run_address>0x8568</run_address>
         <size>0x26</size>
         <input_file_ref idref="fl-2"/>
      </object_component>
      <object_component id="oc-167">
         <name>.text:vw_symbol_6to4</name>
         <load_address>0x858e</load_address>
         <run_address>0x858e</run_address>
         <size>0x20</size>
         <input_file_ref idref="fl-2"/>
      </object_component>
      <object_component id="oc-12d">
         <name>.text:vw_crc</name>
         <load_address>0x85ae</load_address>
         <run_address>0x85ae</run_address>
         <size>0x1c</size>
         <input_file_ref idref="fl-2"/>
      </object_component>
      <object_component id="oc-71">
         <name>.text:_isr:_c_int00_noexit</name>
         <load_address>0x85ca</load_address>
         <run_address>0x85ca</run_address>
         <size>0x1a</size>
         <input_file_ref idref="fl-32"/>
      </object_component>
      <object_component id="oc-126">
         <name>.text:memcpy</name>
         <load_address>0x85e4</load_address>
         <run_address>0x85e4</run_address>
         <size>0x12</size>
         <input_file_ref idref="fl-50"/>
      </object_component>
      <object_component id="oc-ef">
         <name>.text:vw_rx_start</name>
         <load_address>0x85f6</load_address>
         <run_address>0x85f6</run_address>
         <size>0x10</size>
         <input_file_ref idref="fl-2"/>
      </object_component>
      <object_component id="oc-90">
         <name>.text:decompress:rle24:__TI_decompress_rle24</name>
         <load_address>0x8606</load_address>
         <run_address>0x8606</run_address>
         <size>0xe</size>
         <input_file_ref idref="fl-34"/>
      </object_component>
      <object_component id="oc-b8">
         <name>.text:_isr:TIMER0_A0_ISR</name>
         <load_address>0x8614</load_address>
         <run_address>0x8614</run_address>
         <size>0xa</size>
         <input_file_ref idref="fl-2"/>
      </object_component>
      <object_component id="oc-139">
         <name>.text</name>
         <load_address>0x861e</load_address>
         <run_address>0x861e</run_address>
         <size>0xa</size>
         <input_file_ref idref="fl-4f"/>
      </object_component>
      <object_component id="oc-9a">
         <name>.text:__TI_ISR_TRAP</name>
         <load_address>0x8628</load_address>
         <run_address>0x8628</run_address>
         <size>0x6</size>
         <input_file_ref idref="fl-4e"/>
      </object_component>
      <object_component id="oc-9f">
         <name>.text:_system_pre_init</name>
         <load_address>0x862e</load_address>
         <run_address>0x862e</run_address>
         <size>0x4</size>
         <input_file_ref idref="fl-52"/>
      </object_component>
      <object_component id="oc-b1">
         <name>.text:abort</name>
         <load_address>0x8632</load_address>
         <run_address>0x8632</run_address>
         <size>0x4</size>
         <input_file_ref idref="fl-38"/>
      </object_component>
      <object_component id="oc-1e1">
         <name>.cinit..data.load</name>
         <load_address>0x8636</load_address>
         <run_address>0x8636</run_address>
         <size>0x25</size>
      </object_component>
      <object_component id="oc-1de">
         <name>__TI_handler_table</name>
         <load_address>0x865c</load_address>
         <run_address>0x865c</run_address>
         <size>0xc</size>
      </object_component>
      <object_component id="oc-1e0">
         <name>.cinit..bss.load</name>
         <load_address>0x8668</load_address>
         <run_address>0x8668</run_address>
         <size>0x6</size>
      </object_component>
      <object_component id="oc-1df">
         <name>__TI_cinit_table</name>
         <load_address>0x866e</load_address>
         <run_address>0x866e</run_address>
         <size>0x10</size>
      </object_component>
      <object_component id="oc-68">
         <name>.int41</name>
         <load_address>0xffd2</load_address>
         <run_address>0xffd2</run_address>
         <size>0x2</size>
         <input_file_ref idref="fl-39"/>
      </object_component>
      <object_component id="oc-69">
         <name>.int42</name>
         <load_address>0xffd4</load_address>
         <run_address>0xffd4</run_address>
         <size>0x2</size>
         <input_file_ref idref="fl-3a"/>
      </object_component>
      <object_component id="oc-6a">
         <name>.int43</name>
         <load_address>0xffd6</load_address>
         <run_address>0xffd6</run_address>
         <size>0x2</size>
         <input_file_ref idref="fl-3b"/>
      </object_component>
      <object_component id="oc-6b">
         <name>.int44</name>
         <load_address>0xffd8</load_address>
         <run_address>0xffd8</run_address>
         <size>0x2</size>
         <input_file_ref idref="fl-3c"/>
      </object_component>
      <object_component id="oc-6c">
         <name>.int45</name>
         <load_address>0xffda</load_address>
         <run_address>0xffda</run_address>
         <size>0x2</size>
         <input_file_ref idref="fl-3d"/>
      </object_component>
      <object_component id="oc-6d">
         <name>.int46</name>
         <load_address>0xffdc</load_address>
         <run_address>0xffdc</run_address>
         <size>0x2</size>
         <input_file_ref idref="fl-3e"/>
      </object_component>
      <object_component id="oc-6e">
         <name>.int47</name>
         <load_address>0xffde</load_address>
         <run_address>0xffde</run_address>
         <size>0x2</size>
         <input_file_ref idref="fl-3f"/>
      </object_component>
      <object_component id="oc-6f">
         <name>.int48</name>
         <load_address>0xffe0</load_address>
         <run_address>0xffe0</run_address>
         <size>0x2</size>
         <input_file_ref idref="fl-40"/>
      </object_component>
      <object_component id="oc-70">
         <name>.int49</name>
         <load_address>0xffe2</load_address>
         <run_address>0xffe2</run_address>
         <size>0x2</size>
         <input_file_ref idref="fl-41"/>
      </object_component>
      <object_component id="oc-77">
         <name>.int50</name>
         <load_address>0xffe4</load_address>
         <run_address>0xffe4</run_address>
         <size>0x2</size>
         <input_file_ref idref="fl-42"/>
      </object_component>
      <object_component id="oc-78">
         <name>.int51</name>
         <load_address>0xffe6</load_address>
         <run_address>0xffe6</run_address>
         <size>0x2</size>
         <input_file_ref idref="fl-43"/>
      </object_component>
      <object_component id="oc-79">
         <name>.int52</name>
         <load_address>0xffe8</load_address>
         <run_address>0xffe8</run_address>
         <size>0x2</size>
         <input_file_ref idref="fl-44"/>
      </object_component>
      <object_component id="oc-7a">
         <name>.int53</name>
         <load_address>0xffea</load_address>
         <run_address>0xffea</run_address>
         <size>0x2</size>
         <input_file_ref idref="fl-2"/>
      </object_component>
      <object_component id="oc-7b">
         <name>.int54</name>
         <load_address>0xffec</load_address>
         <run_address>0xffec</run_address>
         <size>0x2</size>
         <input_file_ref idref="fl-45"/>
      </object_component>
      <object_component id="oc-7c">
         <name>.int55</name>
         <load_address>0xffee</load_address>
         <run_address>0xffee</run_address>
         <size>0x2</size>
         <input_file_ref idref="fl-46"/>
      </object_component>
      <object_component id="oc-7d">
         <name>.int56</name>
         <load_address>0xfff0</load_address>
         <run_address>0xfff0</run_address>
         <size>0x2</size>
         <input_file_ref idref="fl-47"/>
      </object_component>
      <object_component id="oc-7e">
         <name>.int57</name>
         <load_address>0xfff2</load_address>
         <run_address>0xfff2</run_address>
         <size>0x2</size>
         <input_file_ref idref="fl-48"/>
      </object_component>
      <object_component id="oc-7f">
         <name>.int58</name>
         <load_address>0xfff4</load_address>
         <run_address>0xfff4</run_address>
         <size>0x2</size>
         <input_file_ref idref="fl-49"/>
      </object_component>
      <object_component id="oc-80">
         <name>.int59</name>
         <load_address>0xfff6</load_address>
         <run_address>0xfff6</run_address>
         <size>0x2</size>
         <input_file_ref idref="fl-4a"/>
      </object_component>
      <object_component id="oc-81">
         <name>.int60</name>
         <load_address>0xfff8</load_address>
         <run_address>0xfff8</run_address>
         <size>0x2</size>
         <input_file_ref idref="fl-4b"/>
      </object_component>
      <object_component id="oc-82">
         <name>.int61</name>
         <load_address>0xfffa</load_address>
         <run_address>0xfffa</run_address>
         <size>0x2</size>
         <input_file_ref idref="fl-4c"/>
      </object_component>
      <object_component id="oc-83">
         <name>.int62</name>
         <load_address>0xfffc</load_address>
         <run_address>0xfffc</run_address>
         <size>0x2</size>
         <input_file_ref idref="fl-4d"/>
      </object_component>
      <object_component id="oc-99">
         <name>.reset</name>
         <load_address>0xfffe</load_address>
         <run_address>0xfffe</run_address>
         <size>0x2</size>
         <input_file_ref idref="fl-32"/>
      </object_component>
      <object_component id="oc-16d">
         <name>.common:vw_rx_buf</name>
         <uninitialized>true</uninitialized>
         <run_address>0x2470</run_address>
         <size>0x1e</size>
      </object_component>
      <object_component id="oc-11e">
         <name>.data</name>
         <load_address>0x2444</load_address>
         <run_address>0x2444</run_address>
         <size>0x1b</size>
         <input_file_ref idref="fl-2"/>
      </object_component>
      <object_component id="oc-136">
         <name>.data:vw_tx_buf</name>
         <load_address>0x2400</load_address>
         <run_address>0x2400</run_address>
         <size>0x44</size>
         <input_file_ref idref="fl-2"/>
      </object_component>
      <object_component id="oc-172">
         <name>.data:symbols</name>
         <load_address>0x2460</load_address>
         <run_address>0x2460</run_address>
         <size>0x10</size>
         <input_file_ref idref="fl-2"/>
      </object_component>
      <object_component id="oc-72">
         <name>.debug_aranges</name>
         <load_address>0x0</load_address>
         <run_address>0x0</run_address>
         <size>0x20</size>
         <input_file_ref idref="fl-32"/>
      </object_component>
      <object_component id="oc-87">
         <name>.debug_aranges</name>
         <load_address>0x20</load_address>
         <run_address>0x20</run_address>
         <size>0x20</size>
         <input_file_ref idref="fl-33"/>
      </object_component>
      <object_component id="oc-8b">
         <name>.debug_aranges</name>
         <load_address>0x40</load_address>
         <run_address>0x40</run_address>
         <size>0x20</size>
         <input_file_ref idref="fl-35"/>
      </object_component>
      <object_component id="oc-94">
         <name>.debug_aranges</name>
         <load_address>0x60</load_address>
         <run_address>0x60</run_address>
         <size>0x20</size>
         <input_file_ref idref="fl-34"/>
      </object_component>
      <object_component id="oc-9e">
         <name>.debug_aranges</name>
         <load_address>0x80</load_address>
         <run_address>0x80</run_address>
         <size>0x20</size>
         <input_file_ref idref="fl-4e"/>
      </object_component>
      <object_component id="oc-a1">
         <name>.debug_aranges</name>
         <load_address>0xa0</load_address>
         <run_address>0xa0</run_address>
         <size>0x20</size>
         <input_file_ref idref="fl-52"/>
      </object_component>
      <object_component id="oc-a7">
         <name>.debug_aranges</name>
         <load_address>0xc0</load_address>
         <run_address>0xc0</run_address>
         <size>0x20</size>
         <input_file_ref idref="fl-55"/>
      </object_component>
      <object_component id="oc-ae">
         <name>.debug_aranges</name>
         <load_address>0xe0</load_address>
         <run_address>0xe0</run_address>
         <size>0x20</size>
         <input_file_ref idref="fl-3"/>
      </object_component>
      <object_component id="oc-b3">
         <name>.debug_aranges</name>
         <load_address>0x100</load_address>
         <run_address>0x100</run_address>
         <size>0x20</size>
         <input_file_ref idref="fl-38"/>
      </object_component>
      <object_component id="oc-bb">
         <name>.debug_aranges</name>
         <load_address>0x120</load_address>
         <run_address>0x120</run_address>
         <size>0x20</size>
         <input_file_ref idref="fl-2"/>
      </object_component>
      <object_component id="oc-c0">
         <name>.debug_aranges</name>
         <load_address>0x140</load_address>
         <run_address>0x140</run_address>
         <size>0x20</size>
         <input_file_ref idref="fl-36"/>
      </object_component>
      <object_component id="oc-d4">
         <name>.debug_aranges</name>
         <load_address>0x160</load_address>
         <run_address>0x160</run_address>
         <size>0x30</size>
         <input_file_ref idref="fl-34"/>
      </object_component>
      <object_component id="oc-eb">
         <name>.debug_aranges</name>
         <load_address>0x190</load_address>
         <run_address>0x190</run_address>
         <size>0x20</size>
         <input_file_ref idref="fl-2"/>
      </object_component>
      <object_component id="oc-f1">
         <name>.debug_aranges</name>
         <load_address>0x1b0</load_address>
         <run_address>0x1b0</run_address>
         <size>0x20</size>
         <input_file_ref idref="fl-2"/>
      </object_component>
      <object_component id="oc-f7">
         <name>.debug_aranges</name>
         <load_address>0x1d0</load_address>
         <run_address>0x1d0</run_address>
         <size>0x20</size>
         <input_file_ref idref="fl-2"/>
      </object_component>
      <object_component id="oc-105">
         <name>.debug_aranges</name>
         <load_address>0x1f0</load_address>
         <run_address>0x1f0</run_address>
         <size>0x20</size>
         <input_file_ref idref="fl-2"/>
      </object_component>
      <object_component id="oc-11c">
         <name>.debug_aranges</name>
         <load_address>0x210</load_address>
         <run_address>0x210</run_address>
         <size>0x20</size>
         <input_file_ref idref="fl-37"/>
      </object_component>
      <object_component id="oc-12a">
         <name>.debug_aranges</name>
         <load_address>0x230</load_address>
         <run_address>0x230</run_address>
         <size>0x20</size>
         <input_file_ref idref="fl-50"/>
      </object_component>
      <object_component id="oc-12f">
         <name>.debug_aranges</name>
         <load_address>0x250</load_address>
         <run_address>0x250</run_address>
         <size>0x20</size>
         <input_file_ref idref="fl-2"/>
      </object_component>
      <object_component id="oc-13c">
         <name>.debug_aranges</name>
         <load_address>0x270</load_address>
         <run_address>0x270</run_address>
         <size>0x20</size>
         <input_file_ref idref="fl-4f"/>
      </object_component>
      <object_component id="oc-140">
         <name>.debug_aranges</name>
         <load_address>0x290</load_address>
         <run_address>0x290</run_address>
         <size>0x20</size>
         <input_file_ref idref="fl-2"/>
      </object_component>
      <object_component id="oc-146">
         <name>.debug_aranges</name>
         <load_address>0x2b0</load_address>
         <run_address>0x2b0</run_address>
         <size>0x20</size>
         <input_file_ref idref="fl-2"/>
      </object_component>
      <object_component id="oc-15e">
         <name>.debug_aranges</name>
         <load_address>0x2d0</load_address>
         <run_address>0x2d0</run_address>
         <size>0x20</size>
         <input_file_ref idref="fl-2"/>
      </object_component>
      <object_component id="oc-169">
         <name>.debug_aranges</name>
         <load_address>0x2f0</load_address>
         <run_address>0x2f0</run_address>
         <size>0x20</size>
         <input_file_ref idref="fl-2"/>
      </object_component>
      <object_component id="oc-73">
         <name>.debug_frame</name>
         <load_address>0x0</load_address>
         <run_address>0x0</run_address>
         <size>0x42</size>
         <input_file_ref idref="fl-32"/>
      </object_component>
      <object_component id="oc-85">
         <name>.debug_frame</name>
         <load_address>0x42</load_address>
         <run_address>0x42</run_address>
         <size>0x56</size>
         <input_file_ref idref="fl-33"/>
      </object_component>
      <object_component id="oc-8f">
         <name>.debug_frame</name>
         <load_address>0x98</load_address>
         <run_address>0x98</run_address>
         <size>0x50</size>
         <input_file_ref idref="fl-35"/>
      </object_component>
      <object_component id="oc-91">
         <name>.debug_frame</name>
         <load_address>0xe8</load_address>
         <run_address>0xe8</run_address>
         <size>0x4d</size>
         <input_file_ref idref="fl-34"/>
      </object_component>
      <object_component id="oc-a3">
         <name>.debug_frame</name>
         <load_address>0x135</load_address>
         <run_address>0x135</run_address>
         <size>0x47</size>
         <input_file_ref idref="fl-52"/>
      </object_component>
      <object_component id="oc-aa">
         <name>.debug_frame</name>
         <load_address>0x17c</load_address>
         <run_address>0x17c</run_address>
         <size>0x5a</size>
         <input_file_ref idref="fl-55"/>
      </object_component>
      <object_component id="oc-b0">
         <name>.debug_frame</name>
         <load_address>0x1d6</load_address>
         <run_address>0x1d6</run_address>
         <size>0x4a</size>
         <input_file_ref idref="fl-3"/>
      </object_component>
      <object_component id="oc-b6">
         <name>.debug_frame</name>
         <load_address>0x220</load_address>
         <run_address>0x220</run_address>
         <size>0x47</size>
         <input_file_ref idref="fl-38"/>
      </object_component>
      <object_component id="oc-bc">
         <name>.debug_frame</name>
         <load_address>0x267</load_address>
         <run_address>0x267</run_address>
         <size>0x5c</size>
         <input_file_ref idref="fl-2"/>
      </object_component>
      <object_component id="oc-d5">
         <name>.debug_frame</name>
         <load_address>0x2c3</load_address>
         <run_address>0x2c3</run_address>
         <size>0x83</size>
         <input_file_ref idref="fl-34"/>
      </object_component>
      <object_component id="oc-ee">
         <name>.debug_frame</name>
         <load_address>0x346</load_address>
         <run_address>0x346</run_address>
         <size>0x47</size>
         <input_file_ref idref="fl-2"/>
      </object_component>
      <object_component id="oc-f4">
         <name>.debug_frame</name>
         <load_address>0x38d</load_address>
         <run_address>0x38d</run_address>
         <size>0x47</size>
         <input_file_ref idref="fl-2"/>
      </object_component>
      <object_component id="oc-f9">
         <name>.debug_frame</name>
         <load_address>0x3d4</load_address>
         <run_address>0x3d4</run_address>
         <size>0x50</size>
         <input_file_ref idref="fl-2"/>
      </object_component>
      <object_component id="oc-107">
         <name>.debug_frame</name>
         <load_address>0x424</load_address>
         <run_address>0x424</run_address>
         <size>0x48</size>
         <input_file_ref idref="fl-2"/>
      </object_component>
      <object_component id="oc-127">
         <name>.debug_frame</name>
         <load_address>0x46c</load_address>
         <run_address>0x46c</run_address>
         <size>0x47</size>
         <input_file_ref idref="fl-50"/>
      </object_component>
      <object_component id="oc-132">
         <name>.debug_frame</name>
         <load_address>0x4b3</load_address>
         <run_address>0x4b3</run_address>
         <size>0x50</size>
         <input_file_ref idref="fl-2"/>
      </object_component>
      <object_component id="oc-143">
         <name>.debug_frame</name>
         <load_address>0x503</load_address>
         <run_address>0x503</run_address>
         <size>0x47</size>
         <input_file_ref idref="fl-2"/>
      </object_component>
      <object_component id="oc-149">
         <name>.debug_frame</name>
         <load_address>0x54a</load_address>
         <run_address>0x54a</run_address>
         <size>0x48</size>
         <input_file_ref idref="fl-2"/>
      </object_component>
      <object_component id="oc-161">
         <name>.debug_frame</name>
         <load_address>0x592</load_address>
         <run_address>0x592</run_address>
         <size>0x47</size>
         <input_file_ref idref="fl-2"/>
      </object_component>
      <object_component id="oc-16c">
         <name>.debug_frame</name>
         <load_address>0x5d9</load_address>
         <run_address>0x5d9</run_address>
         <size>0x47</size>
         <input_file_ref idref="fl-2"/>
      </object_component>
      <object_component id="oc-74">
         <name>.debug_line</name>
         <load_address>0x0</load_address>
         <run_address>0x0</run_address>
         <size>0x44</size>
         <input_file_ref idref="fl-32"/>
      </object_component>
      <object_component id="oc-86">
         <name>.debug_line</name>
         <load_address>0x44</load_address>
         <run_address>0x44</run_address>
         <size>0x50</size>
         <input_file_ref idref="fl-33"/>
      </object_component>
      <object_component id="oc-8e">
         <name>.debug_line</name>
         <load_address>0x94</load_address>
         <run_address>0x94</run_address>
         <size>0x4d</size>
         <input_file_ref idref="fl-35"/>
      </object_component>
      <object_component id="oc-92">
         <name>.debug_line</name>
         <load_address>0xe1</load_address>
         <run_address>0xe1</run_address>
         <size>0x4c</size>
         <input_file_ref idref="fl-34"/>
      </object_component>
      <object_component id="oc-9b">
         <name>.debug_line</name>
         <load_address>0x12d</load_address>
         <run_address>0x12d</run_address>
         <size>0x3c</size>
         <input_file_ref idref="fl-4e"/>
      </object_component>
      <object_component id="oc-a4">
         <name>.debug_line</name>
         <load_address>0x169</load_address>
         <run_address>0x169</run_address>
         <size>0x3e</size>
         <input_file_ref idref="fl-52"/>
      </object_component>
      <object_component id="oc-a9">
         <name>.debug_line</name>
         <load_address>0x1a7</load_address>
         <run_address>0x1a7</run_address>
         <size>0x71</size>
         <input_file_ref idref="fl-55"/>
      </object_component>
      <object_component id="oc-af">
         <name>.debug_line</name>
         <load_address>0x218</load_address>
         <run_address>0x218</run_address>
         <size>0x60</size>
         <input_file_ref idref="fl-3"/>
      </object_component>
      <object_component id="oc-b5">
         <name>.debug_line</name>
         <load_address>0x278</load_address>
         <run_address>0x278</run_address>
         <size>0x3a</size>
         <input_file_ref idref="fl-38"/>
      </object_component>
      <object_component id="oc-bd">
         <name>.debug_line</name>
         <load_address>0x2b2</load_address>
         <run_address>0x2b2</run_address>
         <size>0x4a</size>
         <input_file_ref idref="fl-2"/>
      </object_component>
      <object_component id="oc-c2">
         <name>.debug_line</name>
         <load_address>0x2fc</load_address>
         <run_address>0x2fc</run_address>
         <size>0x52</size>
         <input_file_ref idref="fl-36"/>
      </object_component>
      <object_component id="oc-c7">
         <name>.debug_line</name>
         <load_address>0x34e</load_address>
         <run_address>0x34e</run_address>
         <size>0x3a</size>
         <input_file_ref idref="fl-33"/>
      </object_component>
      <object_component id="oc-ce">
         <name>.debug_line</name>
         <load_address>0x388</load_address>
         <run_address>0x388</run_address>
         <size>0x34</size>
         <input_file_ref idref="fl-35"/>
      </object_component>
      <object_component id="oc-d6">
         <name>.debug_line</name>
         <load_address>0x3bc</load_address>
         <run_address>0x3bc</run_address>
         <size>0x88</size>
         <input_file_ref idref="fl-34"/>
      </object_component>
      <object_component id="oc-dc">
         <name>.debug_line</name>
         <load_address>0x444</load_address>
         <run_address>0x444</run_address>
         <size>0x39</size>
         <input_file_ref idref="fl-34"/>
      </object_component>
      <object_component id="oc-df">
         <name>.debug_line</name>
         <load_address>0x47d</load_address>
         <run_address>0x47d</run_address>
         <size>0x2a</size>
         <input_file_ref idref="fl-32"/>
      </object_component>
      <object_component id="oc-e3">
         <name>.debug_line</name>
         <load_address>0x4a7</load_address>
         <run_address>0x4a7</run_address>
         <size>0x20</size>
         <input_file_ref idref="fl-2"/>
      </object_component>
      <object_component id="oc-ed">
         <name>.debug_line</name>
         <load_address>0x4c7</load_address>
         <run_address>0x4c7</run_address>
         <size>0x54</size>
         <input_file_ref idref="fl-2"/>
      </object_component>
      <object_component id="oc-f3">
         <name>.debug_line</name>
         <load_address>0x51b</load_address>
         <run_address>0x51b</run_address>
         <size>0x4e</size>
         <input_file_ref idref="fl-2"/>
      </object_component>
      <object_component id="oc-fa">
         <name>.debug_line</name>
         <load_address>0x569</load_address>
         <run_address>0x569</run_address>
         <size>0x59</size>
         <input_file_ref idref="fl-2"/>
      </object_component>
      <object_component id="oc-ff">
         <name>.debug_line</name>
         <load_address>0x5c2</load_address>
         <run_address>0x5c2</run_address>
         <size>0x5c</size>
         <input_file_ref idref="fl-2"/>
      </object_component>
      <object_component id="oc-108">
         <name>.debug_line</name>
         <load_address>0x61e</load_address>
         <run_address>0x61e</run_address>
         <size>0x71</size>
         <input_file_ref idref="fl-2"/>
      </object_component>
      <object_component id="oc-10c">
         <name>.debug_line</name>
         <load_address>0x68f</load_address>
         <run_address>0x68f</run_address>
         <size>0x3a</size>
         <input_file_ref idref="fl-33"/>
      </object_component>
      <object_component id="oc-10e">
         <name>.debug_line</name>
         <load_address>0x6c9</load_address>
         <run_address>0x6c9</run_address>
         <size>0x20</size>
         <input_file_ref idref="fl-35"/>
      </object_component>
      <object_component id="oc-111">
         <name>.debug_line</name>
         <load_address>0x6e9</load_address>
         <run_address>0x6e9</run_address>
         <size>0x20</size>
         <input_file_ref idref="fl-34"/>
      </object_component>
      <object_component id="oc-113">
         <name>.debug_line</name>
         <load_address>0x709</load_address>
         <run_address>0x709</run_address>
         <size>0x2e</size>
         <input_file_ref idref="fl-55"/>
      </object_component>
      <object_component id="oc-117">
         <name>.debug_line</name>
         <load_address>0x737</load_address>
         <run_address>0x737</run_address>
         <size>0x2e</size>
         <input_file_ref idref="fl-55"/>
      </object_component>
      <object_component id="oc-11d">
         <name>.debug_line</name>
         <load_address>0x765</load_address>
         <run_address>0x765</run_address>
         <size>0x64</size>
         <input_file_ref idref="fl-37"/>
      </object_component>
      <object_component id="oc-12b">
         <name>.debug_line</name>
         <load_address>0x7c9</load_address>
         <run_address>0x7c9</run_address>
         <size>0x45</size>
         <input_file_ref idref="fl-50"/>
      </object_component>
      <object_component id="oc-131">
         <name>.debug_line</name>
         <load_address>0x80e</load_address>
         <run_address>0x80e</run_address>
         <size>0x56</size>
         <input_file_ref idref="fl-2"/>
      </object_component>
      <object_component id="oc-135">
         <name>.debug_line</name>
         <load_address>0x864</load_address>
         <run_address>0x864</run_address>
         <size>0x69</size>
         <input_file_ref idref="fl-3"/>
      </object_component>
      <object_component id="oc-13d">
         <name>.debug_line</name>
         <load_address>0x8cd</load_address>
         <run_address>0x8cd</run_address>
         <size>0x3b</size>
         <input_file_ref idref="fl-4f"/>
      </object_component>
      <object_component id="oc-142">
         <name>.debug_line</name>
         <load_address>0x908</load_address>
         <run_address>0x908</run_address>
         <size>0x4e</size>
         <input_file_ref idref="fl-2"/>
      </object_component>
      <object_component id="oc-148">
         <name>.debug_line</name>
         <load_address>0x956</load_address>
         <run_address>0x956</run_address>
         <size>0x98</size>
         <input_file_ref idref="fl-2"/>
      </object_component>
      <object_component id="oc-14d">
         <name>.debug_line</name>
         <load_address>0x9ee</load_address>
         <run_address>0x9ee</run_address>
         <size>0x34</size>
         <input_file_ref idref="fl-2"/>
      </object_component>
      <object_component id="oc-14f">
         <name>.debug_line</name>
         <load_address>0xa22</load_address>
         <run_address>0xa22</run_address>
         <size>0xa5</size>
         <input_file_ref idref="fl-2"/>
      </object_component>
      <object_component id="oc-153">
         <name>.debug_line</name>
         <load_address>0xac7</load_address>
         <run_address>0xac7</run_address>
         <size>0x5c</size>
         <input_file_ref idref="fl-2"/>
      </object_component>
      <object_component id="oc-15a">
         <name>.debug_line</name>
         <load_address>0xb23</load_address>
         <run_address>0xb23</run_address>
         <size>0x44</size>
         <input_file_ref idref="fl-50"/>
      </object_component>
      <object_component id="oc-160">
         <name>.debug_line</name>
         <load_address>0xb67</load_address>
         <run_address>0xb67</run_address>
         <size>0x4b</size>
         <input_file_ref idref="fl-2"/>
      </object_component>
      <object_component id="oc-164">
         <name>.debug_line</name>
         <load_address>0xbb2</load_address>
         <run_address>0xbb2</run_address>
         <size>0x34</size>
         <input_file_ref idref="fl-2"/>
      </object_component>
      <object_component id="oc-16b">
         <name>.debug_line</name>
         <load_address>0xbe6</load_address>
         <run_address>0xbe6</run_address>
         <size>0x56</size>
         <input_file_ref idref="fl-2"/>
      </object_component>
      <object_component id="oc-170">
         <name>.debug_line</name>
         <load_address>0xc3c</load_address>
         <run_address>0xc3c</run_address>
         <size>0x20</size>
         <input_file_ref idref="fl-50"/>
      </object_component>
      <object_component id="oc-177">
         <name>.debug_line</name>
         <load_address>0xc5c</load_address>
         <run_address>0xc5c</run_address>
         <size>0x34</size>
         <input_file_ref idref="fl-2"/>
      </object_component>
      <object_component id="oc-75">
         <name>.debug_info</name>
         <load_address>0x0</load_address>
         <run_address>0x0</run_address>
         <size>0x125</size>
         <input_file_ref idref="fl-32"/>
      </object_component>
      <object_component id="oc-88">
         <name>.debug_info</name>
         <load_address>0x125</load_address>
         <run_address>0x125</run_address>
         <size>0x1b4</size>
         <input_file_ref idref="fl-33"/>
      </object_component>
      <object_component id="oc-8c">
         <name>.debug_info</name>
         <load_address>0x2d9</load_address>
         <run_address>0x2d9</run_address>
         <size>0x183</size>
         <input_file_ref idref="fl-35"/>
      </object_component>
      <object_component id="oc-93">
         <name>.debug_info</name>
         <load_address>0x45c</load_address>
         <run_address>0x45c</run_address>
         <size>0x1a7</size>
         <input_file_ref idref="fl-34"/>
      </object_component>
      <object_component id="oc-97">
         <name>.debug_info</name>
         <load_address>0x603</load_address>
         <run_address>0x603</run_address>
         <size>0xaa</size>
         <input_file_ref idref="fl-32"/>
      </object_component>
      <object_component id="oc-9c">
         <name>.debug_info</name>
         <load_address>0x6ad</load_address>
         <run_address>0x6ad</run_address>
         <size>0xc2</size>
         <input_file_ref idref="fl-4e"/>
      </object_component>
      <object_component id="oc-a0">
         <name>.debug_info</name>
         <load_address>0x76f</load_address>
         <run_address>0x76f</run_address>
         <size>0xfd</size>
         <input_file_ref idref="fl-52"/>
      </object_component>
      <object_component id="oc-a6">
         <name>.debug_info</name>
         <load_address>0x86c</load_address>
         <run_address>0x86c</run_address>
         <size>0x1a4</size>
         <input_file_ref idref="fl-55"/>
      </object_component>
      <object_component id="oc-ac">
         <name>.debug_info</name>
         <load_address>0xa10</load_address>
         <run_address>0xa10</run_address>
         <size>0x179</size>
         <input_file_ref idref="fl-3"/>
      </object_component>
      <object_component id="oc-b2">
         <name>.debug_info</name>
         <load_address>0xb89</load_address>
         <run_address>0xb89</run_address>
         <size>0xcc</size>
         <input_file_ref idref="fl-38"/>
      </object_component>
      <object_component id="oc-b9">
         <name>.debug_info</name>
         <load_address>0xc55</load_address>
         <run_address>0xc55</run_address>
         <size>0x15f</size>
         <input_file_ref idref="fl-2"/>
      </object_component>
      <object_component id="oc-bf">
         <name>.debug_info</name>
         <load_address>0xdb4</load_address>
         <run_address>0xdb4</run_address>
         <size>0xcd</size>
         <input_file_ref idref="fl-36"/>
      </object_component>
      <object_component id="oc-c4">
         <name>.debug_info</name>
         <load_address>0xe81</load_address>
         <run_address>0xe81</run_address>
         <size>0x46</size>
         <input_file_ref idref="fl-33"/>
      </object_component>
      <object_component id="oc-c9">
         <name>.debug_info</name>
         <load_address>0xec7</load_address>
         <run_address>0xec7</run_address>
         <size>0x184</size>
         <input_file_ref idref="fl-33"/>
      </object_component>
      <object_component id="oc-cb">
         <name>.debug_info</name>
         <load_address>0x104b</load_address>
         <run_address>0x104b</run_address>
         <size>0x46</size>
         <input_file_ref idref="fl-35"/>
      </object_component>
      <object_component id="oc-d0">
         <name>.debug_info</name>
         <load_address>0x1091</load_address>
         <run_address>0x1091</run_address>
         <size>0x17f</size>
         <input_file_ref idref="fl-35"/>
      </object_component>
      <object_component id="oc-d2">
         <name>.debug_info</name>
         <load_address>0x1210</load_address>
         <run_address>0x1210</run_address>
         <size>0x266</size>
         <input_file_ref idref="fl-34"/>
      </object_component>
      <object_component id="oc-d8">
         <name>.debug_info</name>
         <load_address>0x1476</load_address>
         <run_address>0x1476</run_address>
         <size>0x189</size>
         <input_file_ref idref="fl-34"/>
      </object_component>
      <object_component id="oc-d9">
         <name>.debug_info</name>
         <load_address>0x15ff</load_address>
         <run_address>0x15ff</run_address>
         <size>0x39</size>
         <input_file_ref idref="fl-34"/>
      </object_component>
      <object_component id="oc-e0">
         <name>.debug_info</name>
         <load_address>0x1638</load_address>
         <run_address>0x1638</run_address>
         <size>0x84</size>
         <input_file_ref idref="fl-2"/>
      </object_component>
      <object_component id="oc-e8">
         <name>.debug_info</name>
         <load_address>0x16bc</load_address>
         <run_address>0x16bc</run_address>
         <size>0x2e0</size>
         <input_file_ref idref="fl-55"/>
      </object_component>
      <object_component id="oc-ea">
         <name>.debug_info</name>
         <load_address>0x199c</load_address>
         <run_address>0x199c</run_address>
         <size>0x18d</size>
         <input_file_ref idref="fl-2"/>
      </object_component>
      <object_component id="oc-f0">
         <name>.debug_info</name>
         <load_address>0x1b29</load_address>
         <run_address>0x1b29</run_address>
         <size>0x145</size>
         <input_file_ref idref="fl-2"/>
      </object_component>
      <object_component id="oc-f6">
         <name>.debug_info</name>
         <load_address>0x1c6e</load_address>
         <run_address>0x1c6e</run_address>
         <size>0x1a9</size>
         <input_file_ref idref="fl-2"/>
      </object_component>
      <object_component id="oc-fc">
         <name>.debug_info</name>
         <load_address>0x1e17</load_address>
         <run_address>0x1e17</run_address>
         <size>0x18b</size>
         <input_file_ref idref="fl-2"/>
      </object_component>
      <object_component id="oc-101">
         <name>.debug_info</name>
         <load_address>0x1fa2</load_address>
         <run_address>0x1fa2</run_address>
         <size>0x3c1</size>
         <input_file_ref idref="fl-3"/>
      </object_component>
      <object_component id="oc-104">
         <name>.debug_info</name>
         <load_address>0x2363</load_address>
         <run_address>0x2363</run_address>
         <size>0x191</size>
         <input_file_ref idref="fl-2"/>
      </object_component>
      <object_component id="oc-114">
         <name>.debug_info</name>
         <load_address>0x24f4</load_address>
         <run_address>0x24f4</run_address>
         <size>0x39</size>
         <input_file_ref idref="fl-55"/>
      </object_component>
      <object_component id="oc-11a">
         <name>.debug_info</name>
         <load_address>0x252d</load_address>
         <run_address>0x252d</run_address>
         <size>0xd6</size>
         <input_file_ref idref="fl-37"/>
      </object_component>
      <object_component id="oc-11f">
         <name>.debug_info</name>
         <load_address>0x2603</load_address>
         <run_address>0x2603</run_address>
         <size>0x46f</size>
         <input_file_ref idref="fl-2"/>
      </object_component>
      <object_component id="oc-124">
         <name>.debug_info</name>
         <load_address>0x2a72</load_address>
         <run_address>0x2a72</run_address>
         <size>0x2f9</size>
         <input_file_ref idref="fl-2"/>
      </object_component>
      <object_component id="oc-128">
         <name>.debug_info</name>
         <load_address>0x2d6b</load_address>
         <run_address>0x2d6b</run_address>
         <size>0x157</size>
         <input_file_ref idref="fl-50"/>
      </object_component>
      <object_component id="oc-12e">
         <name>.debug_info</name>
         <load_address>0x2ec2</load_address>
         <run_address>0x2ec2</run_address>
         <size>0x1a7</size>
         <input_file_ref idref="fl-2"/>
      </object_component>
      <object_component id="oc-137">
         <name>.debug_info</name>
         <load_address>0x3069</load_address>
         <run_address>0x3069</run_address>
         <size>0x105</size>
         <input_file_ref idref="fl-2"/>
      </object_component>
      <object_component id="oc-13a">
         <name>.debug_info</name>
         <load_address>0x316e</load_address>
         <run_address>0x316e</run_address>
         <size>0xd3</size>
         <input_file_ref idref="fl-4f"/>
      </object_component>
      <object_component id="oc-13f">
         <name>.debug_info</name>
         <load_address>0x3241</load_address>
         <run_address>0x3241</run_address>
         <size>0x143</size>
         <input_file_ref idref="fl-2"/>
      </object_component>
      <object_component id="oc-145">
         <name>.debug_info</name>
         <load_address>0x3384</load_address>
         <run_address>0x3384</run_address>
         <size>0x17e</size>
         <input_file_ref idref="fl-2"/>
      </object_component>
      <object_component id="oc-150">
         <name>.debug_info</name>
         <load_address>0x3502</load_address>
         <run_address>0x3502</run_address>
         <size>0x110</size>
         <input_file_ref idref="fl-2"/>
      </object_component>
      <object_component id="oc-156">
         <name>.debug_info</name>
         <load_address>0x3612</load_address>
         <run_address>0x3612</run_address>
         <size>0x127</size>
         <input_file_ref idref="fl-50"/>
      </object_component>
      <object_component id="oc-157">
         <name>.debug_info</name>
         <load_address>0x3739</load_address>
         <run_address>0x3739</run_address>
         <size>0x2c</size>
         <input_file_ref idref="fl-50"/>
      </object_component>
      <object_component id="oc-15d">
         <name>.debug_info</name>
         <load_address>0x3765</load_address>
         <run_address>0x3765</run_address>
         <size>0x190</size>
         <input_file_ref idref="fl-2"/>
      </object_component>
      <object_component id="oc-168">
         <name>.debug_info</name>
         <load_address>0x38f5</load_address>
         <run_address>0x38f5</run_address>
         <size>0x181</size>
         <input_file_ref idref="fl-2"/>
      </object_component>
      <object_component id="oc-173">
         <name>.debug_info</name>
         <load_address>0x3a76</load_address>
         <run_address>0x3a76</run_address>
         <size>0x101</size>
         <input_file_ref idref="fl-2"/>
      </object_component>
      <object_component id="oc-1e3">
         <name>.debug_info</name>
         <load_address>0x3b77</load_address>
         <run_address>0x3b77</run_address>
         <size>0xd3</size>
      </object_component>
      <object_component id="oc-76">
         <name>.debug_pubnames</name>
         <load_address>0x0</load_address>
         <run_address>0x0</run_address>
         <size>0x26</size>
         <input_file_ref idref="fl-32"/>
      </object_component>
      <object_component id="oc-89">
         <name>.debug_pubnames</name>
         <load_address>0x26</load_address>
         <run_address>0x26</run_address>
         <size>0x2b</size>
         <input_file_ref idref="fl-33"/>
      </object_component>
      <object_component id="oc-8d">
         <name>.debug_pubnames</name>
         <load_address>0x51</load_address>
         <run_address>0x51</run_address>
         <size>0x25</size>
         <input_file_ref idref="fl-35"/>
      </object_component>
      <object_component id="oc-95">
         <name>.debug_pubnames</name>
         <load_address>0x76</load_address>
         <run_address>0x76</run_address>
         <size>0x2c</size>
         <input_file_ref idref="fl-34"/>
      </object_component>
      <object_component id="oc-98">
         <name>.debug_pubnames</name>
         <load_address>0xa2</load_address>
         <run_address>0xa2</run_address>
         <size>0x1d</size>
         <input_file_ref idref="fl-32"/>
      </object_component>
      <object_component id="oc-9d">
         <name>.debug_pubnames</name>
         <load_address>0xbf</load_address>
         <run_address>0xbf</run_address>
         <size>0x2b</size>
         <input_file_ref idref="fl-4e"/>
      </object_component>
      <object_component id="oc-a2">
         <name>.debug_pubnames</name>
         <load_address>0xea</load_address>
         <run_address>0xea</run_address>
         <size>0x27</size>
         <input_file_ref idref="fl-52"/>
      </object_component>
      <object_component id="oc-a8">
         <name>.debug_pubnames</name>
         <load_address>0x111</load_address>
         <run_address>0x111</run_address>
         <size>0x2a</size>
         <input_file_ref idref="fl-55"/>
      </object_component>
      <object_component id="oc-ad">
         <name>.debug_pubnames</name>
         <load_address>0x13b</load_address>
         <run_address>0x13b</run_address>
         <size>0x1b</size>
         <input_file_ref idref="fl-3"/>
      </object_component>
      <object_component id="oc-b4">
         <name>.debug_pubnames</name>
         <load_address>0x156</load_address>
         <run_address>0x156</run_address>
         <size>0x1c</size>
         <input_file_ref idref="fl-38"/>
      </object_component>
      <object_component id="oc-ba">
         <name>.debug_pubnames</name>
         <load_address>0x172</load_address>
         <run_address>0x172</run_address>
         <size>0x24</size>
         <input_file_ref idref="fl-2"/>
      </object_component>
      <object_component id="oc-c1">
         <name>.debug_pubnames</name>
         <load_address>0x196</load_address>
         <run_address>0x196</run_address>
         <size>0x2b</size>
         <input_file_ref idref="fl-36"/>
      </object_component>
      <object_component id="oc-d3">
         <name>.debug_pubnames</name>
         <load_address>0x1c1</load_address>
         <run_address>0x1c1</run_address>
         <size>0x2f</size>
         <input_file_ref idref="fl-34"/>
      </object_component>
      <object_component id="oc-ec">
         <name>.debug_pubnames</name>
         <load_address>0x1f0</load_address>
         <run_address>0x1f0</run_address>
         <size>0x1f</size>
         <input_file_ref idref="fl-2"/>
      </object_component>
      <object_component id="oc-f2">
         <name>.debug_pubnames</name>
         <load_address>0x20f</load_address>
         <run_address>0x20f</run_address>
         <size>0x22</size>
         <input_file_ref idref="fl-2"/>
      </object_component>
      <object_component id="oc-f8">
         <name>.debug_pubnames</name>
         <load_address>0x231</load_address>
         <run_address>0x231</run_address>
         <size>0x25</size>
         <input_file_ref idref="fl-2"/>
      </object_component>
      <object_component id="oc-106">
         <name>.debug_pubnames</name>
         <load_address>0x256</load_address>
         <run_address>0x256</run_address>
         <size>0x25</size>
         <input_file_ref idref="fl-2"/>
      </object_component>
      <object_component id="oc-11b">
         <name>.debug_pubnames</name>
         <load_address>0x27b</load_address>
         <run_address>0x27b</run_address>
         <size>0x25</size>
         <input_file_ref idref="fl-37"/>
      </object_component>
      <object_component id="oc-120">
         <name>.debug_pubnames</name>
         <load_address>0x2a0</load_address>
         <run_address>0x2a0</run_address>
         <size>0x193</size>
         <input_file_ref idref="fl-2"/>
      </object_component>
      <object_component id="oc-125">
         <name>.debug_pubnames</name>
         <load_address>0x433</load_address>
         <run_address>0x433</run_address>
         <size>0x20</size>
         <input_file_ref idref="fl-2"/>
      </object_component>
      <object_component id="oc-129">
         <name>.debug_pubnames</name>
         <load_address>0x453</load_address>
         <run_address>0x453</run_address>
         <size>0x1d</size>
         <input_file_ref idref="fl-50"/>
      </object_component>
      <object_component id="oc-130">
         <name>.debug_pubnames</name>
         <load_address>0x470</load_address>
         <run_address>0x470</run_address>
         <size>0x1d</size>
         <input_file_ref idref="fl-2"/>
      </object_component>
      <object_component id="oc-138">
         <name>.debug_pubnames</name>
         <load_address>0x48d</load_address>
         <run_address>0x48d</run_address>
         <size>0x20</size>
         <input_file_ref idref="fl-2"/>
      </object_component>
      <object_component id="oc-13b">
         <name>.debug_pubnames</name>
         <load_address>0x4ad</load_address>
         <run_address>0x4ad</run_address>
         <size>0x24</size>
         <input_file_ref idref="fl-4f"/>
      </object_component>
      <object_component id="oc-141">
         <name>.debug_pubnames</name>
         <load_address>0x4d1</load_address>
         <run_address>0x4d1</run_address>
         <size>0x21</size>
         <input_file_ref idref="fl-2"/>
      </object_component>
      <object_component id="oc-147">
         <name>.debug_pubnames</name>
         <load_address>0x4f2</load_address>
         <run_address>0x4f2</run_address>
         <size>0x1d</size>
         <input_file_ref idref="fl-2"/>
      </object_component>
      <object_component id="oc-15f">
         <name>.debug_pubnames</name>
         <load_address>0x50f</load_address>
         <run_address>0x50f</run_address>
         <size>0x28</size>
         <input_file_ref idref="fl-2"/>
      </object_component>
      <object_component id="oc-16a">
         <name>.debug_pubnames</name>
         <load_address>0x537</load_address>
         <run_address>0x537</run_address>
         <size>0x25</size>
         <input_file_ref idref="fl-2"/>
      </object_component>
      <object_component id="oc-174">
         <name>.debug_pubnames</name>
         <load_address>0x55c</load_address>
         <run_address>0x55c</run_address>
         <size>0x1e</size>
         <input_file_ref idref="fl-2"/>
      </object_component>
      <object_component id="oc-b7">
         <name>.debug_abbrev</name>
         <load_address>0x0</load_address>
         <run_address>0x0</run_address>
         <size>0x58</size>
         <input_file_ref idref="fl-32"/>
      </object_component>
      <object_component id="oc-c3">
         <name>.debug_abbrev</name>
         <load_address>0x58</load_address>
         <run_address>0x58</run_address>
         <size>0x7d</size>
         <input_file_ref idref="fl-33"/>
      </object_component>
      <object_component id="oc-c6">
         <name>.debug_abbrev</name>
         <load_address>0xd5</load_address>
         <run_address>0xd5</run_address>
         <size>0x24</size>
         <input_file_ref idref="fl-33"/>
      </object_component>
      <object_component id="oc-ca">
         <name>.debug_abbrev</name>
         <load_address>0xf9</load_address>
         <run_address>0xf9</run_address>
         <size>0x6f</size>
         <input_file_ref idref="fl-35"/>
      </object_component>
      <object_component id="oc-cd">
         <name>.debug_abbrev</name>
         <load_address>0x168</load_address>
         <run_address>0x168</run_address>
         <size>0x24</size>
         <input_file_ref idref="fl-35"/>
      </object_component>
      <object_component id="oc-d7">
         <name>.debug_abbrev</name>
         <load_address>0x18c</load_address>
         <run_address>0x18c</run_address>
         <size>0x7d</size>
         <input_file_ref idref="fl-34"/>
      </object_component>
      <object_component id="oc-db">
         <name>.debug_abbrev</name>
         <load_address>0x209</load_address>
         <run_address>0x209</run_address>
         <size>0x24</size>
         <input_file_ref idref="fl-34"/>
      </object_component>
      <object_component id="oc-de">
         <name>.debug_abbrev</name>
         <load_address>0x22d</load_address>
         <run_address>0x22d</run_address>
         <size>0x29</size>
         <input_file_ref idref="fl-32"/>
      </object_component>
      <object_component id="oc-e2">
         <name>.debug_abbrev</name>
         <load_address>0x256</load_address>
         <run_address>0x256</run_address>
         <size>0x1f</size>
         <input_file_ref idref="fl-2"/>
      </object_component>
      <object_component id="oc-e5">
         <name>.debug_abbrev</name>
         <load_address>0x275</load_address>
         <run_address>0x275</run_address>
         <size>0x27</size>
         <input_file_ref idref="fl-4e"/>
      </object_component>
      <object_component id="oc-e6">
         <name>.debug_abbrev</name>
         <load_address>0x29c</load_address>
         <run_address>0x29c</run_address>
         <size>0x55</size>
         <input_file_ref idref="fl-52"/>
      </object_component>
      <object_component id="oc-e7">
         <name>.debug_abbrev</name>
         <load_address>0x2f1</load_address>
         <run_address>0x2f1</run_address>
         <size>0x70</size>
         <input_file_ref idref="fl-55"/>
      </object_component>
      <object_component id="oc-fb">
         <name>.debug_abbrev</name>
         <load_address>0x361</load_address>
         <run_address>0x361</run_address>
         <size>0x62</size>
         <input_file_ref idref="fl-3"/>
      </object_component>
      <object_component id="oc-fe">
         <name>.debug_abbrev</name>
         <load_address>0x3c3</load_address>
         <run_address>0x3c3</run_address>
         <size>0x35</size>
         <input_file_ref idref="fl-2"/>
      </object_component>
      <object_component id="oc-102">
         <name>.debug_abbrev</name>
         <load_address>0x3f8</load_address>
         <run_address>0x3f8</run_address>
         <size>0x45</size>
         <input_file_ref idref="fl-38"/>
      </object_component>
      <object_component id="oc-109">
         <name>.debug_abbrev</name>
         <load_address>0x43d</load_address>
         <run_address>0x43d</run_address>
         <size>0x61</size>
         <input_file_ref idref="fl-2"/>
      </object_component>
      <object_component id="oc-10a">
         <name>.debug_abbrev</name>
         <load_address>0x49e</load_address>
         <run_address>0x49e</run_address>
         <size>0x35</size>
         <input_file_ref idref="fl-36"/>
      </object_component>
      <object_component id="oc-10b">
         <name>.debug_abbrev</name>
         <load_address>0x4d3</load_address>
         <run_address>0x4d3</run_address>
         <size>0x54</size>
         <input_file_ref idref="fl-33"/>
      </object_component>
      <object_component id="oc-10d">
         <name>.debug_abbrev</name>
         <load_address>0x527</load_address>
         <run_address>0x527</run_address>
         <size>0x4e</size>
         <input_file_ref idref="fl-35"/>
      </object_component>
      <object_component id="oc-10f">
         <name>.debug_abbrev</name>
         <load_address>0x575</load_address>
         <run_address>0x575</run_address>
         <size>0x89</size>
         <input_file_ref idref="fl-34"/>
      </object_component>
      <object_component id="oc-110">
         <name>.debug_abbrev</name>
         <load_address>0x5fe</load_address>
         <run_address>0x5fe</run_address>
         <size>0x4e</size>
         <input_file_ref idref="fl-34"/>
      </object_component>
      <object_component id="oc-112">
         <name>.debug_abbrev</name>
         <load_address>0x64c</load_address>
         <run_address>0x64c</run_address>
         <size>0x94</size>
         <input_file_ref idref="fl-55"/>
      </object_component>
      <object_component id="oc-116">
         <name>.debug_abbrev</name>
         <load_address>0x6e0</load_address>
         <run_address>0x6e0</run_address>
         <size>0x24</size>
         <input_file_ref idref="fl-55"/>
      </object_component>
      <object_component id="oc-121">
         <name>.debug_abbrev</name>
         <load_address>0x704</load_address>
         <run_address>0x704</run_address>
         <size>0x7a</size>
         <input_file_ref idref="fl-2"/>
      </object_component>
      <object_component id="oc-122">
         <name>.debug_abbrev</name>
         <load_address>0x77e</load_address>
         <run_address>0x77e</run_address>
         <size>0x50</size>
         <input_file_ref idref="fl-2"/>
      </object_component>
      <object_component id="oc-133">
         <name>.debug_abbrev</name>
         <load_address>0x7ce</load_address>
         <run_address>0x7ce</run_address>
         <size>0x7c</size>
         <input_file_ref idref="fl-2"/>
      </object_component>
      <object_component id="oc-134">
         <name>.debug_abbrev</name>
         <load_address>0x84a</load_address>
         <run_address>0x84a</run_address>
         <size>0xec</size>
         <input_file_ref idref="fl-3"/>
      </object_component>
      <object_component id="oc-14a">
         <name>.debug_abbrev</name>
         <load_address>0x936</load_address>
         <run_address>0x936</run_address>
         <size>0x5e</size>
         <input_file_ref idref="fl-2"/>
      </object_component>
      <object_component id="oc-14b">
         <name>.debug_abbrev</name>
         <load_address>0x994</load_address>
         <run_address>0x994</run_address>
         <size>0x3b</size>
         <input_file_ref idref="fl-37"/>
      </object_component>
      <object_component id="oc-14c">
         <name>.debug_abbrev</name>
         <load_address>0x9cf</load_address>
         <run_address>0x9cf</run_address>
         <size>0x27</size>
         <input_file_ref idref="fl-2"/>
      </object_component>
      <object_component id="oc-14e">
         <name>.debug_abbrev</name>
         <load_address>0x9f6</load_address>
         <run_address>0x9f6</run_address>
         <size>0xc6</size>
         <input_file_ref idref="fl-2"/>
      </object_component>
      <object_component id="oc-152">
         <name>.debug_abbrev</name>
         <load_address>0xabc</load_address>
         <run_address>0xabc</run_address>
         <size>0x5a</size>
         <input_file_ref idref="fl-2"/>
      </object_component>
      <object_component id="oc-155">
         <name>.debug_abbrev</name>
         <load_address>0xb16</load_address>
         <run_address>0xb16</run_address>
         <size>0x71</size>
         <input_file_ref idref="fl-50"/>
      </object_component>
      <object_component id="oc-159">
         <name>.debug_abbrev</name>
         <load_address>0xb87</load_address>
         <run_address>0xb87</run_address>
         <size>0x24</size>
         <input_file_ref idref="fl-50"/>
      </object_component>
      <object_component id="oc-162">
         <name>.debug_abbrev</name>
         <load_address>0xbab</load_address>
         <run_address>0xbab</run_address>
         <size>0x7c</size>
         <input_file_ref idref="fl-2"/>
      </object_component>
      <object_component id="oc-163">
         <name>.debug_abbrev</name>
         <load_address>0xc27</load_address>
         <run_address>0xc27</run_address>
         <size>0x27</size>
         <input_file_ref idref="fl-2"/>
      </object_component>
      <object_component id="oc-165">
         <name>.debug_abbrev</name>
         <load_address>0xc4e</load_address>
         <run_address>0xc4e</run_address>
         <size>0x3b</size>
         <input_file_ref idref="fl-4f"/>
      </object_component>
      <object_component id="oc-166">
         <name>.debug_abbrev</name>
         <load_address>0xc89</load_address>
         <run_address>0xc89</run_address>
         <size>0x50</size>
         <input_file_ref idref="fl-2"/>
      </object_component>
      <object_component id="oc-16e">
         <name>.debug_abbrev</name>
         <load_address>0xcd9</load_address>
         <run_address>0xcd9</run_address>
         <size>0x6c</size>
         <input_file_ref idref="fl-2"/>
      </object_component>
      <object_component id="oc-16f">
         <name>.debug_abbrev</name>
         <load_address>0xd45</load_address>
         <run_address>0xd45</run_address>
         <size>0x3e</size>
         <input_file_ref idref="fl-50"/>
      </object_component>
      <object_component id="oc-171">
         <name>.debug_abbrev</name>
         <load_address>0xd83</load_address>
         <run_address>0xd83</run_address>
         <size>0x6e</size>
         <input_file_ref idref="fl-2"/>
      </object_component>
      <object_component id="oc-175">
         <name>.debug_abbrev</name>
         <load_address>0xdf1</load_address>
         <run_address>0xdf1</run_address>
         <size>0x6e</size>
         <input_file_ref idref="fl-2"/>
      </object_component>
      <object_component id="oc-176">
         <name>.debug_abbrev</name>
         <load_address>0xe5f</load_address>
         <run_address>0xe5f</run_address>
         <size>0x27</size>
         <input_file_ref idref="fl-2"/>
      </object_component>
      <object_component id="oc-1e4">
         <name>.debug_abbrev</name>
         <load_address>0xe86</load_address>
         <run_address>0xe86</run_address>
         <size>0xf</size>
      </object_component>
      <object_component id="oc-c5">
         <name>.debug_pubtypes</name>
         <load_address>0x0</load_address>
         <run_address>0x0</run_address>
         <size>0x48</size>
         <input_file_ref idref="fl-33"/>
      </object_component>
      <object_component id="oc-cc">
         <name>.debug_pubtypes</name>
         <load_address>0x48</load_address>
         <run_address>0x48</run_address>
         <size>0x48</size>
         <input_file_ref idref="fl-35"/>
      </object_component>
      <object_component id="oc-da">
         <name>.debug_pubtypes</name>
         <load_address>0x90</load_address>
         <run_address>0x90</run_address>
         <size>0x37</size>
         <input_file_ref idref="fl-34"/>
      </object_component>
      <object_component id="oc-e1">
         <name>.debug_pubtypes</name>
         <load_address>0xc7</load_address>
         <run_address>0xc7</run_address>
         <size>0xed</size>
         <input_file_ref idref="fl-2"/>
      </object_component>
      <object_component id="oc-fd">
         <name>.debug_pubtypes</name>
         <load_address>0x1b4</load_address>
         <run_address>0x1b4</run_address>
         <size>0x1c6</size>
         <input_file_ref idref="fl-2"/>
      </object_component>
      <object_component id="oc-115">
         <name>.debug_pubtypes</name>
         <load_address>0x37a</load_address>
         <run_address>0x37a</run_address>
         <size>0x2f</size>
         <input_file_ref idref="fl-55"/>
      </object_component>
      <object_component id="oc-151">
         <name>.debug_pubtypes</name>
         <load_address>0x3a9</load_address>
         <run_address>0x3a9</run_address>
         <size>0x70</size>
         <input_file_ref idref="fl-2"/>
      </object_component>
      <object_component id="oc-158">
         <name>.debug_pubtypes</name>
         <load_address>0x419</load_address>
         <run_address>0x419</run_address>
         <size>0x1d</size>
         <input_file_ref idref="fl-50"/>
      </object_component>
      <object_component id="oc-c8">
         <name>.debug_str</name>
         <load_address>0x0</load_address>
         <run_address>0x0</run_address>
         <size>0xb5</size>
         <input_file_ref idref="fl-33"/>
      </object_component>
      <object_component id="oc-cf">
         <name>.debug_str</name>
         <load_address>0xb5</load_address>
         <run_address>0xb5</run_address>
         <size>0xaf</size>
         <input_file_ref idref="fl-35"/>
      </object_component>
      <object_component id="oc-dd">
         <name>.debug_str</name>
         <load_address>0x164</load_address>
         <run_address>0x164</run_address>
         <size>0xa7</size>
         <input_file_ref idref="fl-34"/>
      </object_component>
      <object_component id="oc-e4">
         <name>.debug_str</name>
         <load_address>0x20b</load_address>
         <run_address>0x20b</run_address>
         <size>0xf5</size>
         <input_file_ref idref="fl-2"/>
      </object_component>
      <object_component id="oc-100">
         <name>.debug_str</name>
         <load_address>0x300</load_address>
         <run_address>0x300</run_address>
         <size>0x23d</size>
         <input_file_ref idref="fl-2"/>
      </object_component>
      <object_component id="oc-118">
         <name>.debug_str</name>
         <load_address>0x53d</load_address>
         <run_address>0x53d</run_address>
         <size>0x94</size>
[...]
         <value>0x165</value>
      </symbol>
      <symbol id="sm-242">
         <name>UCSCTL3</name>
         <value>0x166</value>
      </symbol>
      <symbol id="sm-243">
         <name>UCSCTL3_L</name>
         <value>0x166</value>
      </symbol>
      <symbol id="sm-244">
         <name>UCSCTL3_H</name>
         <value>0x167</value>
      </symbol>
      <symbol id="sm-245">
         <name>UCSCTL4</name>
         <value>0x168</value>
      </symbol>
      <symbol id="sm-246">
         <name>UCSCTL4_L</name>
         <value>0x168</value>
      </symbol>
      <symbol id="sm-247">
         <name>UCSCTL4_H</name>
         <value>0x169</value>
      </symbol>
      <symbol id="sm-248">
         <name>UCSCTL5</name>
         <value>0x16a</value>
      </symbol>
      <symbol id="sm-249">
         <name>UCSCTL5_L</name>
         <value>0x16a</value>
      </symbol>
      <symbol id="sm-24a">
         <name>UCSCTL5_H</name>
         <value>0x16b</value>
      </symbol>
      <symbol id="sm-24b">
         <name>UCSCTL6</name>
         <value>0x16c</value>
      </symbol>
      <symbol id="sm-24c">
         <name>UCSCTL6_L</name>
         <value>0x16c</value>
      </symbol>
      <symbol id="sm-24d">
         <name>UCSCTL6_H</name>
         <value>0x16d</value>
      </symbol>
      <symbol id="sm-24e">
         <name>UCSCTL7</name>
         <value>0x16e</value>
      </symbol>
      <symbol id="sm-24f">
         <name>UCSCTL7_L</name>
         <value>0x16e</value>
      </symbol>
      <symbol id="sm-250">
         <name>UCSCTL7_H</name>
         <value>0x16f</value>
      </symbol>
      <symbol id="sm-251">
         <name>UCSCTL8</name>
         <value>0x170</value>
      </symbol>
      <symbol id="sm-252">
         <name>UCSCTL8_L</name>
         <value>0x170</value>
      </symbol>
      <symbol id="sm-253">
         <name>UCSCTL8_H</name>
         <value>0x171</value>
      </symbol>
      <symbol id="sm-254">
         <name>UCA0CTLW0</name>
         <value>0x5c0</value>
      </symbol>
      <symbol id="sm-255">
         <name>UCA0CTLW0_L</name>
         <value>0x5c0</value>
      </symbol>
      <symbol id="sm-256">
         <name>UCA0CTLW0_H</name>
         <value>0x5c1</value>
      </symbol>
      <symbol id="sm-257">
         <name>UCA0BRW</name>
         <value>0x5c6</value>
      </symbol>
      <symbol id="sm-258">
         <name>UCA0BRW_L</name>
         <value>0x5c6</value>
      </symbol>
      <symbol id="sm-259">
         <name>UCA0BRW_H</name>
         <value>0x5c7</value>
      </symbol>
      <symbol id="sm-25a">
         <name>UCA0MCTL</name>
         <value>0x5c8</value>
      </symbol>
      <symbol id="sm-25b">
         <name>UCA0STAT</name>
         <value>0x5ca</value>
      </symbol>
      <symbol id="sm-25c">
         <name>UCA0RXBUF</name>
         <value>0x5cc</value>
      </symbol>
      <symbol id="sm-25d">
         <name>UCA0TXBUF</name>
         <value>0x5ce</value>
      </symbol>
      <symbol id="sm-25e">
         <name>UCA0ABCTL</name>
         <value>0x5d0</value>
      </symbol>
      <symbol id="sm-25f">
         <name>UCA0IRCTL</name>
         <value>0x5d2</value>
      </symbol>
      <symbol id="sm-260">
         <name>UCA0IRCTL_L</name>
         <value>0x5d2</value>
      </symbol>
      <symbol id="sm-261">
         <name>UCA0IRCTL_H</name>
         <value>0x5d3</value>
      </symbol>
      <symbol id="sm-262">
         <name>UCA0ICTL</name>
         <value>0x5dc</value>
      </symbol>
      <symbol id="sm-263">
         <name>UCA0ICTL_L</name>
         <value>0x5dc</value>
      </symbol>
      <symbol id="sm-264">
         <name>UCA0ICTL_H</name>
         <value>0x5dd</value>
      </symbol>
      <symbol id="sm-265">
         <name>UCA0IV</name>
         <value>0x5de</value>
      </symbol>
      <symbol id="sm-266">
         <name>UCB0CTLW0</name>
         <value>0x5e0</value>
      </symbol>
      <symbol id="sm-267">
         <name>UCB0CTLW0_L</name>
         <value>0x5e0</value>
      </symbol>
      <symbol id="sm-268">
         <name>UCB0CTLW0_H</name>
         <value>0x5e1</value>
      </symbol>
      <symbol id="sm-269">
         <name>UCB0BRW</name>
         <value>0x5e6</value>
      </symbol>
      <symbol id="sm-26a">
         <name>UCB0BRW_L</name>
         <value>0x5e6</value>
      </symbol>
      <symbol id="sm-26b">
         <name>UCB0BRW_H</name>
         <value>0x5e7</value>
      </symbol>
      <symbol id="sm-26c">
         <name>UCB0STAT</name>
         <value>0x5ea</value>
      </symbol>
      <symbol id="sm-26d">
         <name>UCB0RXBUF</name>
         <value>0x5ec</value>
      </symbol>
      <symbol id="sm-26e">
         <name>UCB0TXBUF</name>
         <value>0x5ee</value>
      </symbol>
      <symbol id="sm-26f">
         <name>UCB0I2COA</name>
         <value>0x5f0</value>
      </symbol>
      <symbol id="sm-270">
         <name>UCB0I2COA_L</name>
         <value>0x5f0</value>
      </symbol>
      <symbol id="sm-271">
         <name>UCB0I2COA_H</name>
         <value>0x5f1</value>
      </symbol>
      <symbol id="sm-272">
         <name>UCB0I2CSA</name>
         <value>0x5f2</value>
      </symbol>
      <symbol id="sm-273">
         <name>UCB0I2CSA_L</name>
         <value>0x5f2</value>
      </symbol>
      <symbol id="sm-274">
         <name>UCB0I2CSA_H</name>
         <value>0x5f3</value>
      </symbol>
      <symbol id="sm-275">
         <name>UCB0ICTL</name>
         <value>0x5fc</value>
      </symbol>
      <symbol id="sm-276">
         <name>UCB0ICTL_L</name>
         <value>0x5fc</value>
      </symbol>
      <symbol id="sm-277">
         <name>UCB0ICTL_H</name>
         <value>0x5fd</value>
      </symbol>
      <symbol id="sm-278">
         <name>UCB0IV</name>
         <value>0x5fe</value>
      </symbol>
      <symbol id="sm-279">
         <name>UCA1CTLW0</name>
         <value>0x600</value>
      </symbol>
      <symbol id="sm-27a">
         <name>UCA1CTLW0_L</name>
         <value>0x600</value>
      </symbol>
      <symbol id="sm-27b">
         <name>UCA1CTLW0_H</name>
         <value>0x601</value>
      </symbol>
      <symbol id="sm-27c">
         <name>UCA1BRW</name>
         <value>0x606</value>
      </symbol>
      <symbol id="sm-27d">
         <name>UCA1BRW_L</name>
         <value>0x606</value>
      </symbol>
      <symbol id="sm-27e">
         <name>UCA1BRW_H</name>
         <value>0x607</value>
      </symbol>
      <symbol id="sm-27f">
         <name>UCA1MCTL</name>
         <value>0x608</value>
      </symbol>
      <symbol id="sm-280">
         <name>UCA1STAT</name>
         <value>0x60a</value>
      </symbol>
      <symbol id="sm-281">
         <name>UCA1RXBUF</name>
         <value>0x60c</value>
      </symbol>
      <symbol id="sm-282">
         <name>UCA1TXBUF</name>
         <value>0x60e</value>
      </symbol>
      <symbol id="sm-283">
         <name>UCA1ABCTL</name>
         <value>0x610</value>
      </symbol>
      <symbol id="sm-284">
         <name>UCA1IRCTL</name>
         <value>0x612</value>
      </symbol>
      <symbol id="sm-285">
         <name>UCA1IRCTL_L</name>
         <value>0x612</value>
      </symbol>
      <symbol id="sm-286">
         <name>UCA1IRCTL_H</name>
         <value>0x613</value>
      </symbol>
      <symbol id="sm-287">
         <name>UCA1ICTL</name>
         <value>0x61c</value>
      </symbol>
      <symbol id="sm-288">
         <name>UCA1ICTL_L</name>
         <value>0x61c</value>
      </symbol>
      <symbol id="sm-289">
         <name>UCA1ICTL_H</name>
         <value>0x61d</value>
      </symbol>
      <symbol id="sm-28a">
         <name>UCA1IV</name>
         <value>0x61e</value>
      </symbol>
      <symbol id="sm-28b">
         <name>UCB1CTLW0</name>
         <value>0x620</value>
      </symbol>
      <symbol id="sm-28c">
         <name>UCB1CTLW0_L</name>
         <value>0x620</value>
      </symbol>
      <symbol id="sm-28d">
         <name>UCB1CTLW0_H</name>
         <value>0x621</value>
      </symbol>
      <symbol id="sm-28e">
         <name>UCB1BRW</name>
         <value>0x626</value>
      </symbol>
      <symbol id="sm-28f">
         <name>UCB1BRW_L</name>
         <value>0x626</value>
      </symbol>
      <symbol id="sm-290">
         <name>UCB1BRW_H</name>
         <value>0x627</value>
      </symbol>
      <symbol id="sm-291">
         <name>UCB1STAT</name>
         <value>0x62a</value>
      </symbol>
      <symbol id="sm-292">
         <name>UCB1RXBUF</name>
         <value>0x62c</value>
      </symbol>
      <symbol id="sm-293">
         <name>UCB1TXBUF</name>
         <value>0x62e</value>
      </symbol>
      <symbol id="sm-294">
         <name>UCB1I2COA</name>
         <value>0x630</value>
      </symbol>
      <symbol id="sm-295">
         <name>UCB1I2COA_L</name>
         <value>0x630</value>
      </symbol>
      <symbol id="sm-296">
         <name>UCB1I2COA_H</name>
         <value>0x631</value>
      </symbol>
      <symbol id="sm-297">
         <name>UCB1I2CSA</name>
         <value>0x632</value>
      </symbol>
      <symbol id="sm-298">
         <name>UCB1I2CSA_L</name>
         <value>0x632</value>
      </symbol>
      <symbol id="sm-299">
         <name>UCB1I2CSA_H</name>
         <value>0x633</value>
      </symbol>
      <symbol id="sm-29a">
         <name>UCB1ICTL</name>
         <value>0x63c</value>
      </symbol>
      <symbol id="sm-29b">
         <name>UCB1ICTL_L</name>
         <value>0x63c</value>
      </symbol>
      <symbol id="sm-29c">
         <name>UCB1ICTL_H</name>
         <value>0x63d</value>
      </symbol>
      <symbol id="sm-29d">
         <name>UCB1IV</name>
         <value>0x63e</value>
      </symbol>
      <symbol id="sm-29e">
         <name>WDTCTL</name>
         <value>0x15c</value>
      </symbol>
      <symbol id="sm-29f">
         <name>WDTCTL_L</name>
         <value>0x15c</value>
      </symbol>
      <symbol id="sm-2a0">
         <name>WDTCTL_H</name>
         <value>0x15d</value>
      </symbol>
      <symbol id="sm-2a1">
         <name>__TI_CINIT_Base</name>
         <value>0x866e</value>
      </symbol>
      <symbol id="sm-2a2">
         <name>__TI_CINIT_Limit</name>
         <value>0x867e</value>
      </symbol>
      <symbol id="sm-2a3">
         <name>__TI_Handler_Table_Base</name>
         <value>0x865c</value>
      </symbol>
      <symbol id="sm-2a4">
         <name>__TI_Handler_Table_Limit</name>
         <value>0x8668</value>
      </symbol>
      <symbol id="sm-2a5">
         <name>binit</name>
         <value>0xffffffff</value>
      </symbol>
      <symbol id="sm-2a6">
         <name>__binit__</name>
         <value>0xffffffff</value>
      </symbol>
      <symbol id="sm-2a7">
         <name>__STACK_SIZE</name>
         <value>0xa0</value>
      </symbol>
      <symbol id="sm-2a8">
         <name>__STACK_END</name>
         <value>0x3400</value>
      </symbol>
      <symbol id="sm-2a9">
         <name>__c_args__</name>
         <value>0xffffffff</value>
      </symbol>
      <symbol id="sm-3a3">
         <name>vw_Int_Handler</name>
         <value>0x81d0</value>
         <object_component_ref idref="oc-103"/>
      </symbol>
      <symbol id="sm-3a4">
         <name>vw_rx_start</name>
         <value>0x85f6</value>
         <object_component_ref idref="oc-ef"/>
      </symbol>
      <symbol id="sm-3a5">
         <name>_crc_ccitt_update</name>
         <value>0x8568</value>
         <object_component_ref idref="oc-15c"/>
      </symbol>
      <symbol id="sm-3a6">
         <name>__TI_int53</name>
         <value>0xffea</value>
         <object_component_ref idref="oc-7a"/>
      </symbol>
      <symbol id="sm-3a7">
         <name>vw_tx_stop</name>
         <value>0x8540</value>
         <object_component_ref idref="oc-13e"/>
      </symbol>
      <symbol id="sm-3a8">
         <name>vw_symbol_6to4</name>
         <value>0x858e</value>
         <object_component_ref idref="oc-167"/>
      </symbol>
      <symbol id="sm-3a9">
         <name>vw_pll</name>
         <value>0x8000</value>
         <object_component_ref idref="oc-144"/>
      </symbol>
      <symbol id="sm-3aa">
         <name>vw_get_message</name>
         <value>0x8440</value>
         <object_component_ref idref="oc-f5"/>
      </symbol>
      <symbol id="sm-3ab">
         <name>vw_crc</name>
         <value>0x85ae</value>
         <object_component_ref idref="oc-12d"/>
      </symbol>
      <symbol id="sm-3ac">
         <name>vw_setup</name>
         <value>0x83ee</value>
         <object_component_ref idref="oc-e9"/>
      </symbol>
      <symbol id="sm-3ad">
         <name>TIMER0_A0_ISR</name>
         <value>0x8614</value>
         <object_component_ref idref="oc-b8"/>
      </symbol>
      <symbol id="sm-3bd">
         <name>main</name>
         <value>0x8272</value>
         <object_component_ref idref="oc-ab"/>
      </symbol>
      <symbol id="sm-3cd">
         <name>_c_int00_noexit</name>
         <value>0x85ca</value>
         <object_component_ref idref="oc-71"/>
      </symbol>
      <symbol id="sm-3ce">
         <name>_c_int00</name>
         <value>0x85ca</value>
         <object_component_ref idref="oc-71"/>
      </symbol>
      <symbol id="sm-3cf">
         <name>_stack</name>
         <value>0x3360</value>
         <object_component_ref idref="oc-96"/>
      </symbol>
      <symbol id="sm-3d0">
         <name>_reset_vector</name>
         <value>0xfffe</value>
         <object_component_ref idref="oc-99"/>
      </symbol>
      <symbol id="sm-3e1">
         <name>__TI_decompress_none</name>
         <value>0x8504</value>
         <object_component_ref idref="oc-84"/>
      </symbol>
      <symbol id="sm-405">
         <name>__TI_decompress_rle24</name>
         <value>0x8606</value>
         <object_component_ref idref="oc-90"/>
      </symbol>
      <symbol id="sm-418">
         <name>__TI_zero_init</name>
         <value>0x84c6</value>
         <object_component_ref idref="oc-8a"/>
      </symbol>
      <symbol id="sm-423">
         <name>__memcpy_far</name>
         <value>0x8486</value>
         <object_component_ref idref="oc-be"/>
      </symbol>
      <symbol id="sm-431">
         <name>__mspabi_remul</name>
         <value>0x8396</value>
         <object_component_ref idref="oc-119"/>
      </symbol>
      <symbol id="sm-432">
         <name>__mspabi_divul</name>
         <value>0x8396</value>
         <object_component_ref idref="oc-119"/>
      </symbol>
      <symbol id="sm-43c">
         <name>C$$EXIT</name>
         <value>0x8632</value>
         <object_component_ref idref="oc-b1"/>
      </symbol>
      <symbol id="sm-43d">
         <name>abort</name>
         <value>0x8632</value>
         <object_component_ref idref="oc-b1"/>
      </symbol>
      <symbol id="sm-440">
         <name>__TI_int41</name>
         <value>0xffd2</value>
         <object_component_ref idref="oc-68"/>
      </symbol>
      <symbol id="sm-443">
         <name>__TI_int42</name>
         <value>0xffd4</value>
         <object_component_ref idref="oc-69"/>
      </symbol>
      <symbol id="sm-446">
         <name>__TI_int43</name>
         <value>0xffd6</value>
         <object_component_ref idref="oc-6a"/>
      </symbol>
      <symbol id="sm-449">
         <name>__TI_int44</name>
         <value>0xffd8</value>
         <object_component_ref idref="oc-6b"/>
      </symbol>
      <symbol id="sm-44c">
         <name>__TI_int45</name>
         <value>0xffda</value>
         <object_component_ref idref="oc-6c"/>
      </symbol>
      <symbol id="sm-44f">
         <name>__TI_int46</name>
         <value>0xffdc</value>
         <object_component_ref idref="oc-6d"/>
      </symbol>
      <symbol id="sm-452">
         <name>__TI_int47</name>
         <value>0xffde</value>
         <object_component_ref idref="oc-6e"/>
      </symbol>
      <symbol id="sm-455">
         <name>__TI_int48</name>
         <value>0xffe0</value>
         <object_component_ref idref="oc-6f"/>
      </symbol>
      <symbol id="sm-458">
         <name>__TI_int49</name>
         <value>0xffe2</value>
         <object_component_ref idref="oc-70"/>
      </symbol>
      <symbol id="sm-45b">
         <name>__TI_int50</name>
         <value>0xffe4</value>
         <object_component_ref idref="oc-77"/>
      </symbol>
      <symbol id="sm-45e">
         <name>__TI_int51</name>
         <value>0xffe6</value>
         <object_component_ref idref="oc-78"/>
      </symbol>
      <symbol id="sm-461">
         <name>__TI_int52</name>
         <value>0xffe8</value>
         <object_component_ref idref="oc-79"/>
      </symbol>
      <symbol id="sm-464">
         <name>__TI_int54</name>
         <value>0xffec</value>
         <object_component_ref idref="oc-7b"/>
      </symbol>
      <symbol id="sm-467">
         <name>__TI_int55</name>
         <value>0xffee</value>
         <object_component_ref idref="oc-7c"/>
      </symbol>
      <symbol id="sm-46a">
         <name>__TI_int56</name>
         <value>0xfff0</value>
         <object_component_ref idref="oc-7d"/>
      </symbol>
      <symbol id="sm-46d">
         <name>__TI_int57</name>
         <value>0xfff2</value>
         <object_component_ref idref="oc-7e"/>
      </symbol>
      <symbol id="sm-470">
         <name>__TI_int58</name>
         <value>0xfff4</value>
         <object_component_ref idref="oc-7f"/>
      </symbol>
      <symbol id="sm-473">
         <name>__TI_int59</name>
         <value>0xfff6</value>
         <object_component_ref idref="oc-80"/>
      </symbol>
      <symbol id="sm-476">
         <name>__TI_int60</name>
         <value>0xfff8</value>
         <object_component_ref idref="oc-81"/>
      </symbol>
      <symbol id="sm-479">
         <name>__TI_int61</name>
         <value>0xfffa</value>
         <object_component_ref idref="oc-82"/>
      </symbol>
      <symbol id="sm-47c">
         <name>__TI_int62</name>
         <value>0xfffc</value>
         <object_component_ref idref="oc-83"/>
      </symbol>
      <symbol id="sm-484">
         <name>__TI_ISR_TRAP</name>
         <value>0x8628</value>
         <object_component_ref idref="oc-9a"/>
      </symbol>
      <symbol id="sm-48d">
         <name>__mspabi_srli</name>
         <value>0x861e</value>
         <object_component_ref idref="oc-139"/>
      </symbol>
      <symbol id="sm-4a0">
         <name>memcpy</name>
         <value>0x85e4</value>
         <object_component_ref idref="oc-126"/>
      </symbol>
      <symbol id="sm-4aa">
         <name>_system_pre_init</name>
         <value>0x862e</value>
         <object_component_ref idref="oc-9f"/>
      </symbol>
      <symbol id="sm-4c2">
         <name>_auto_init_hold_wdt</name>
         <value>0x8312</value>
         <object_component_ref idref="oc-a5"/>
      </symbol>
      <symbol id="sm-4c3">
         <name>__TI_exit</name>
         <value>0x1</value>
      </symbol>
      <symbol id="sm-4c4">
         <name>__TI_args_main</name>
         <value>0x1</value>
      </symbol>
      <symbol id="sm-4c5">
         <name>__TI_INITARRAY_Base</name>
         <value>0x0</value>
      </symbol>
      <symbol id="sm-4c6">
         <name>__TI_INITARRAY_Limit</name>
         <value>0x0</value>
      </symbol>
   </symbol_table>
   <title>Link successful</title>
</link_info>
